// Jest Snapshot v1, https://goo.gl/fbAQLP

exports[`Layout component should render properly 1`] = `
<DocumentFragment>
  <a
    class="govuk-skip-link"
    href="#content"
  >
    Skip to main content
  </a>
  <header
    servicename="My rent account"
  />
  <div
    class="govuk-width-container app-width-container"
  >
    <div
      class="govuk-phase-banner"
    >
      <p
        class="govuk-phase-banner__content"
      >
        <strong
          class="govuk-tag govuk-phase-banner__content__tag"
        >
          beta
        </strong>
        <span
          class="govuk-phase-banner__text"
        >
          This is a new service â€“ your 
          <a
            class="govuk-link"
          >
            feedback
          </a>
           will help us to improve it.
        </span>
      </p>
    </div>
    <main
      class="govuk-main-wrapper app-main-class"
      id="content"
      role="main"
    >
      <div>
        foo
      </div>
    </main>
  </div>
  <footer />
</DocumentFragment>
`;
