// Jest Snapshot v1, https://goo.gl/fbAQLP

exports[`AdminAuditRecordsTable component should render properly 1`] = `
<DocumentFragment>
  <div
    style="overflow: auto;"
  >
    <table
      class="govuk-table"
    >
      <thead
        class="govuk-table__head"
      >
        <tr
          class="govuk-table__row"
        >
          <th
            class="govuk-table__header"
            scope="col"
          >
            Date
          </th>
          <th
            class="govuk-table__header"
            scope="col"
          >
            Rent Account Number
          </th>
          <th
            class="govuk-table__header"
            scope="col"
          >
            CSSO Login
          </th>
          <th
            class="govuk-table__header"
            scope="col"
          >
            Action
          </th>
        </tr>
      </thead>
      <tbody
        class="govuk-table__body"
      >
        <tr
          class="govuk-table__row"
        >
          <td
            class="govuk-table__cell"
          >
            05/09/2016
          </td>
          <td
            class="govuk-table__cell"
          >
            9101255702
          </td>
          <td
            class="govuk-table__cell"
          >
            YES
          </td>
          <td
            class="govuk-table__cell"
          >
            VIEW
          </td>
        </tr>
        <tr
          class="govuk-table__row"
        >
          <td
            class="govuk-table__cell"
          >
            05/09/2016
          </td>
          <td
            class="govuk-table__cell"
          >
            9104565004
          </td>
          <td
            class="govuk-table__cell"
          >
            NO
          </td>
          <td
            class="govuk-table__cell"
          >
            VIEW
          </td>
        </tr>
      </tbody>
    </table>
  </div>
</DocumentFragment>
`;
