// Jest Snapshot v1, https://goo.gl/fbAQLP

exports[`RentBreakdown component should render properly 1`] = `
<DocumentFragment>
  <h2>
    Rent Breakdown
  </h2>
  <table
    class="govuk-table"
  >
    <tbody
      class="govuk-table__body"
    >
      <tr
        class="govuk-table__row"
      >
        <th
          class="govuk-table__header"
          scope="row"
        >
          Your Rent:
        </th>
        <td
          class="govuk-table__cell govuk-table__cell--numeric"
        >
          £123
        </td>
      </tr>
      <tr
        class="govuk-table__row"
      >
        <th
          class="govuk-table__header"
          scope="row"
        >
          Housing Benefit Payment:
        </th>
        <td
          class="govuk-table__cell govuk-table__cell--numeric"
        >
          £111
        </td>
      </tr>
      <tr
        class="govuk-table__row"
      >
        <th
          class="govuk-table__header"
          scope="row"
        >
          What you Pay:
        </th>
        <td
          class="govuk-table__cell govuk-table__cell--numeric"
        >
          £321
        </td>
      </tr>
    </tbody>
  </table>
  <a
    class="govuk-link"
    href="/account/rent-breakdown"
  >
    <strong>
      See how your rent is calculated
    </strong>
  </a>
</DocumentFragment>
`;
